I'm sorry, but errors were detected in your script. Please correct the
errors listed below, and try again.


File "game/ch2.rpy", line 57: Line is indented, but the preceding one-line python statement statement does not expect a block. Please check this line's indentation.
    jump ch2_convo1b
    ^

Ren'Py Version: Ren'Py 7.4.8.1895
Wed Sep 29 21:53:53 2021
